22:30:21 v102 height sample 9059 records, 143 installations, PSP rows 4963 
22:30:23 v102 nls start ok TRUE warnings:  
22:30:23 v102 fixef a0 32.198224 a1 1.208508 b 0.016579 c 0.804891 g1 0.062077 g2 -0.373262 
22:30:24 v103 height sample 8914 records, 143 installations, PSP rows 4818 
22:30:36 v103 nls start ok TRUE warnings:  
22:30:36 v103 fixef a0 28.928831 a1 0.966788 b 0.017026 c 0.792247 g1 0.076841 g2 -0.343310 
       frame parameter    estimate           se        v102      v102_se
v102.1  v102        a0 32.19822354 1.5190630894 32.19822354 1.5190630894
v102.2  v102        a1  1.20850785 0.1512967789  1.20850785 0.1512967789
v102.3  v102         b  0.01657861 0.0009561539  0.01657861 0.0009561539
v102.4  v102         c  0.80489119 0.0114079645  0.80489119 0.0114079645
v102.5  v102        g1  0.06207738 0.0054075715  0.06207738 0.0054075715
v102.6  v102        g2 -0.37326160 0.0162672334 -0.37326160 0.0162672334
           abs_diff match
v102.1 2.842171e-14  TRUE
v102.2 1.332268e-15  TRUE
v102.3 2.775558e-17  TRUE
v102.4 0.000000e+00  TRUE
v102.5 3.469447e-17  TRUE
v102.6 2.220446e-16  TRUE
22:30:36 HEIGHT REPRODUCTION v102 max abs diff 2.842171e-14 PASS 
  parameter estimate_v102      se_v102 estimate_v103     se_v103 dz_v102_se
1        a0   32.19822354 1.5190630894   28.92883064 1.446866688 -2.1522430
2        a1    1.20850785 0.1512967789    0.96678780 0.140508155 -1.5976550
3         b    0.01657861 0.0009561539    0.01702614 0.000985146  0.4680481
4         c    0.80489119 0.0114079645    0.79224682 0.011969859 -1.1083809
5        g1    0.06207738 0.0054075715    0.07684059 0.006458934  2.7301002
6        g2   -0.37326160 0.0162672334   -0.34330981 0.016894877  1.8412345
     frame    n n_inst n_psp    logLik      AIC  tau_source tau_inst    sigma
v102  v102 9059    143  4963 -19022.31 38062.62 0.001882944 5.876771 1.938015
v103  v103 8914    143  4818 -18714.88 37447.76 0.004384401 5.270099 1.936590
       r2_cond rmse_cond     r2_pa  rmse_pa   bias_pa bias_pa_natural
v102 0.8606065  1.926204 0.7864195 2.384306 0.2227999      0.04553147
v103 0.8621442  1.924586 0.7877967 2.387816 0.3947565      0.23201855
     bias_pa_planted
v102       0.8992661
v103       1.0032288
22:30:36 HEIGHT DONE 
